
> evodoc-portal@1.0.0 build
> vite build

8:10:06 PM [vite] warning: `esbuild` option was specified by "vite:react-babel" plugin. This option is deprecated, please use `oxc` instead.
`optimizeDeps.rollupOptions` / `ssr.optimizeDeps.rollupOptions` is deprecated. Use `optimizeDeps.rolldownOptions` instead. Note that this option may be set by a plugin. Set VITE_DEPRECATION_TRACE=1 to see where it is called.
[vite:react-babel] We recommend switching to `@vitejs/plugin-react-oxc` for improved performance. More information at https://vite.dev/rolldown
vite v8.0.8 building client environment for production...
[2Ktransforming...✓ 1892 modules transformed.
rendering chunks...
✗ Build failed in 456ms
error during build:
Build failed with 4 errors:

[31m[MISSING_EXPORT] Error:[0m "mockPatients" is not exported by "src/data/mockData.js".
   [38;5;246m╭[0m[38;5;246m─[0m[38;5;246m[[0m src/store/useStore.ts:2:10 [38;5;246m][0m
   [38;5;246m│[0m
 [38;5;246m2 │[0m [38;5;249mi[0m[38;5;249mm[0m[38;5;249mp[0m[38;5;249mo[0m[38;5;249mr[0m[38;5;249mt[0m[38;5;249m [0m[38;5;249m{[0m[38;5;249m [0mmockPatients[38;5;249m,[0m[38;5;249m [0m[38;5;249mm[0m[38;5;249mo[0m[38;5;249mc[0m[38;5;249mk[0m[38;5;249mD[0m[38;5;249mo[0m[38;5;249mc[0m[38;5;249mt[0m[38;5;249mo[0m[38;5;249mr[0m[38;5;249ms[0m[38;5;249m,[0m[38;5;249m [0m[38;5;249mm[0m[38;5;249mo[0m[38;5;249mc[0m[38;5;249mk[0m[38;5;249mA[0m[38;5;249mp[0m[38;5;249mp[0m[38;5;249mo[0m[38;5;249mi[0m[38;5;249mn[0m[38;5;249mt[0m[38;5;249mm[0m[38;5;249me[0m[38;5;249mn[0m[38;5;249mt[0m[38;5;249ms[0m[38;5;249m,[0m[38;5;249m [0m[38;5;249mm[0m[38;5;249mo[0m[38;5;249mc[0m[38;5;249mk[0m[38;5;249mN[0m[38;5;249mo[0m[38;5;249mt[0m[38;5;249me[0m[38;5;249ms[0m[38;5;249m [0m[38;5;249m}[0m[38;5;249m [0m[38;5;249mf[0m[38;5;249mr[0m[38;5;249mo[0m[38;5;249mm[0m[38;5;249m [0m[38;5;249m"[0m[38;5;249m.[0m[38;5;249m.[0m[38;5;249m/[0m[38;5;249md[0m[38;5;249ma[0m[38;5;249mt[0m[38;5;249ma[0m[38;5;249m/[0m[38;5;249mm[0m[38;5;249mo[0m[38;5;249mc[0m[38;5;249mk[0m[38;5;249mD[0m[38;5;249ma[0m[38;5;249mt[0m[38;5;249ma[0m[38;5;249m"[0m[38;5;249m;[0m
 [38;5;240m  │[0m          ──────┬─────  
 [38;5;240m  │[0m                ╰─────── Missing export
[38;5;246m───╯[0m

[31m[MISSING_EXPORT] Error:[0m "mockDoctors" is not exported by "src/data/mockData.js".
   [38;5;246m╭[0m[38;5;246m─[0m[38;5;246m[[0m src/store/useStore.ts:2:24 [38;5;246m][0m
   [38;5;246m│[0m
 [38;5;246m2 │[0m [38;5;249mi[0m[38;5;249mm[0m[38;5;249mp[0m[38;5;249mo[0m[38;5;249mr[0m[38;5;249mt[0m[38;5;249m [0m[38;5;249m{[0m[38;5;249m [0m[38;5;249mm[0m[38;5;249mo[0m[38;5;249mc[0m[38;5;249mk[0m[38;5;249mP[0m[38;5;249ma[0m[38;5;249mt[0m[38;5;249mi[0m[38;5;249me[0m[38;5;249mn[0m[38;5;249mt[0m[38;5;249ms[0m[38;5;249m,[0m[38;5;249m [0mmockDoctors[38;5;249m,[0m[38;5;249m [0m[38;5;249mm[0m[38;5;249mo[0m[38;5;249mc[0m[38;5;249mk[0m[38;5;249mA[0m[38;5;249mp[0m[38;5;249mp[0m[38;5;249mo[0m[38;5;249mi[0m[38;5;249mn[0m[38;5;249mt[0m[38;5;249mm[0m[38;5;249me[0m[38;5;249mn[0m[38;5;249mt[0m[38;5;249ms[0m[38;5;249m,[0m[38;5;249m [0m[38;5;249mm[0m[38;5;249mo[0m[38;5;249mc[0m[38;5;249mk[0m[38;5;249mN[0m[38;5;249mo[0m[38;5;249mt[0m[38;5;249me[0m[38;5;249ms[0m[38;5;249m [0m[38;5;249m}[0m[38;5;249m [0m[38;5;249mf[0m[38;5;249mr[0m[38;5;249mo[0m[38;5;249mm[0m[38;5;249m [0m[38;5;249m"[0m[38;5;249m.[0m[38;5;249m.[0m[38;5;249m/[0m[38;5;249md[0m[38;5;249ma[0m[38;5;249mt[0m[38;5;249ma[0m[38;5;249m/[0m[38;5;249mm[0m[38;5;249mo[0m[38;5;249mc[0m[38;5;249mk[0m[38;5;249mD[0m[38;5;249ma[0m[38;5;249mt[0m[38;5;249ma[0m[38;5;249m"[0m[38;5;249m;[0m
 [38;5;240m  │[0m                        ─────┬─────  
 [38;5;240m  │[0m                             ╰─────── Missing export
[38;5;246m───╯[0m

[31m[MISSING_EXPORT] Error:[0m "mockAppointments" is not exported by "src/data/mockData.js".
   [38;5;246m╭[0m[38;5;246m─[0m[38;5;246m[[0m src/store/useStore.ts:2:37 [38;5;246m][0m
   [38;5;246m│[0m
 [38;5;246m2 │[0m [38;5;249mi[0m[38;5;249mm[0m[38;5;249mp[0m[38;5;249mo[0m[38;5;249mr[0m[38;5;249mt[0m[38;5;249m [0m[38;5;249m{[0m[38;5;249m [0m[38;5;249mm[0m[38;5;249mo[0m[38;5;249mc[0m[38;5;249mk[0m[38;5;249mP[0m[38;5;249ma[0m[38;5;249mt[0m[38;5;249mi[0m[38;5;249me[0m[38;5;249mn[0m[38;5;249mt[0m[38;5;249ms[0m[38;5;249m,[0m[38;5;249m [0m[38;5;249mm[0m[38;5;249mo[0m[38;5;249mc[0m[38;5;249mk[0m[38;5;249mD[0m[38;5;249mo[0m[38;5;249mc[0m[38;5;249mt[0m[38;5;249mo[0m[38;5;249mr[0m[38;5;249ms[0m[38;5;249m,[0m[38;5;249m [0mmockAppointments[38;5;249m,[0m[38;5;249m [0m[38;5;249mm[0m[38;5;249mo[0m[38;5;249mc[0m[38;5;249mk[0m[38;5;249mN[0m[38;5;249mo[0m[38;5;249mt[0m[38;5;249me[0m[38;5;249ms[0m[38;5;249m [0m[38;5;249m}[0m[38;5;249m [0m[38;5;249mf[0m[38;5;249mr[0m[38;5;249mo[0m[38;5;249mm[0m[38;5;249m [0m[38;5;249m"[0m[38;5;249m.[0m[38;5;249m.[0m[38;5;249m/[0m[38;5;249md[0m[38;5;249ma[0m[38;5;249mt[0m[38;5;249ma[0m[38;5;249m/[0m[38;5;249mm[0m[38;5;249mo[0m[38;5;249mc[0m[38;5;249mk[0m[38;5;249mD[0m[38;5;249ma[0m[38;5;249mt[0m[38;5;249ma[0m[38;5;249m"[0m[38;5;249m;[0m
 [38;5;240m  │[0m                                     ────────┬───────  
 [38;5;240m  │[0m                                             ╰───────── Missing export
[38;5;246m───╯[0m

[31m[MISSING_EXPORT] Error:[0m "mockNotes" is not exported by "src/data/mockData.js".
   [38;5;246m╭[0m[38;5;246m─[0m[38;5;246m[[0m src/store/useStore.ts:2:55 [38;5;246m][0m
   [38;5;246m│[0m
 [38;5;246m2 │[0m [38;5;249mi[0m[38;5;249mm[0m[38;5;249mp[0m[38;5;249mo[0m[38;5;249mr[0m[38;5;249mt[0m[38;5;249m [0m[38;5;249m{[0m[38;5;249m [0m[38;5;249mm[0m[38;5;249mo[0m[38;5;249mc[0m[38;5;249mk[0m[38;5;249mP[0m[38;5;249ma[0m[38;5;249mt[0m[38;5;249mi[0m[38;5;249me[0m[38;5;249mn[0m[38;5;249mt[0m[38;5;249ms[0m[38;5;249m,[0m[38;5;249m [0m[38;5;249mm[0m[38;5;249mo[0m[38;5;249mc[0m[38;5;249mk[0m[38;5;249mD[0m[38;5;249mo[0m[38;5;249mc[0m[38;5;249mt[0m[38;5;249mo[0m[38;5;249mr[0m[38;5;249ms[0m[38;5;249m,[0m[38;5;249m [0m[38;5;249mm[0m[38;5;249mo[0m[38;5;249mc[0m[38;5;249mk[0m[38;5;249mA[0m[38;5;249mp[0m[38;5;249mp[0m[38;5;249mo[0m[38;5;249mi[0m[38;5;249mn[0m[38;5;249mt[0m[38;5;249mm[0m[38;5;249me[0m[38;5;249mn[0m[38;5;249mt[0m[38;5;249ms[0m[38;5;249m,[0m[38;5;249m [0mmockNotes[38;5;249m [0m[38;5;249m}[0m[38;5;249m [0m[38;5;249mf[0m[38;5;249mr[0m[38;5;249mo[0m[38;5;249mm[0m[38;5;249m [0m[38;5;249m"[0m[38;5;249m.[0m[38;5;249m.[0m[38;5;249m/[0m[38;5;249md[0m[38;5;249ma[0m[38;5;249mt[0m[38;5;249ma[0m[38;5;249m/[0m[38;5;249mm[0m[38;5;249mo[0m[38;5;249mc[0m[38;5;249mk[0m[38;5;249mD[0m[38;5;249ma[0m[38;5;249mt[0m[38;5;249ma[0m[38;5;249m"[0m[38;5;249m;[0m
 [38;5;240m  │[0m                                                       ────┬────  
 [38;5;240m  │[0m                                                           ╰────── Missing export
[38;5;246m───╯[0m

    at aggregateBindingErrorsIntoJsError (file:///Users/keerthana/Downloads/evodoc-portal/node_modules/rolldown/dist/shared/error-w0u7biK-.mjs:48:18)
    at unwrapBindingResult (file:///Users/keerthana/Downloads/evodoc-portal/node_modules/rolldown/dist/shared/error-w0u7biK-.mjs:18:128)
    at #build (file:///Users/keerthana/Downloads/evodoc-portal/node_modules/rolldown/dist/shared/rolldown-build-DtGk-m96.mjs:3313:34)
    at async buildEnvironment (file:///Users/keerthana/Downloads/evodoc-portal/node_modules/vite/dist/node/chunks/node.js:32954:64)
    at async Object.build (file:///Users/keerthana/Downloads/evodoc-portal/node_modules/vite/dist/node/chunks/node.js:33376:19)
    at async Object.buildApp (file:///Users/keerthana/Downloads/evodoc-portal/node_modules/vite/dist/node/chunks/node.js:33373:153)
    at async CAC.<anonymous> (file:///Users/keerthana/Downloads/evodoc-portal/node_modules/vite/dist/node/cli.js:778:3) {
  errors: [Getter/Setter]
}
